[17:36:11.595] [INFO] Running automigrations
[17:36:11.597] [DEBUG] Extracting storybook data...
[17:36:11.597] [DEBUG] Getting Storybook info...
[17:36:11.605] [ERROR] [38;2;241;97;97mSB_CORE-SERVER_0006 (MainFileMissingError): No configuration files have been found in your configDir: [33m.storybook[39m.
Storybook needs a "main.js|ts" file, please add it.

You can pass a --config-dir flag to tell Storybook, where your main.js|ts file is located at.

More info: https://storybook.js.org/docs/configure?ref=error
[39m
    at validateConfigurationFiles (file:///C:/Users/User/AppData/Local/npm-cache/_npx/238c7111b56cb964/node_modules/storybook/dist/_node-chunks/chunk-E7RB6U6N.js:13459:11)
    at async loadMainConfig (file:///C:/Users/User/AppData/Local/npm-cache/_npx/238c7111b56cb964/node_modules/storybook/dist/_node-chunks/chunk-E7RB6U6N.js:14551:3)
    at async getStorybookInfo (file:///C:/Users/User/AppData/Local/npm-cache/_npx/238c7111b56cb964/node_modules/storybook/dist/_node-chunks/chunk-E7RB6U6N.js:14676:59)
    at async getStorybookData (file:///C:/Users/User/AppData/Local/npm-cache/_npx/238c7111b56cb964/node_modules/storybook/dist/_node-chunks/chunk-A4WJ7EKJ.js:71:7)
    at async doAutomigrate (file:///C:/Users/User/AppData/Local/npm-cache/_npx/238c7111b56cb964/node_modules/@storybook/cli/dist/_node-chunks/run-5HTDOUF4.js:8649:7)
    at async file:///C:/Users/User/AppData/Local/npm-cache/_npx/238c7111b56cb964/node_modules/@storybook/cli/dist/_node-chunks/run-5HTDOUF4.js:10772:90
    at async withTelemetry (file:///C:/Users/User/AppData/Local/npm-cache/_npx/238c7111b56cb964/node_modules/storybook/dist/_node-chunks/chunk-PPNUHXGF.js:1785:12)
[17:36:11.608] [INFO] Storybook collects completely anonymous usage telemetry. We use it to shape Storybook's roadmap and prioritize features. You can learn more, including how to opt out, at https://storybook.js.org/telemetry
[17:36:12.254] [ERROR] SB_CORE-SERVER_0006 (MainFileMissingError): No configuration files have been found in your configDir: [33m.storybook[39m.
Storybook needs a "main.js|ts" file, please add it.

You can pass a --config-dir flag to tell Storybook, where your main.js|ts file is located at.

More info: https://storybook.js.org/docs/configure?ref=error
